// Jest Snapshot v1, https://goo.gl/fbAQLP

exports[`<UserDetail> Snapshotは問題ないか 1`] = `
<DocumentFragment>
  <p
    class="sc-bdvvtL jWiPmW"
  />
  <p
    class="sc-gsDKAQ lfKECv"
  />
  <div
    class="sc-hKwDye hLowcu"
  >
    <button
      class="sc-eCImPb fsxuks"
      data-testid="follow"
    >
      フォロー
    </button>
  </div>
  <p
    class="sc-dkPtRN bqBGNB"
  />
</DocumentFragment>
`;
